------------------------------------------------------------
Timing Analyzer Summary
------------------------------------------------------------

Type  : Slow 1100mV 85C Model Setup 'clk'
Slack : 1.385
TNS   : 0.000

Type  : Slow 1100mV 85C Model Hold 'clk'
Slack : 0.323
TNS   : 0.000

Type  : Slow 1100mV 85C Model Minimum Pulse Width 'clk'
Slack : 4.251
TNS   : 0.000

Type  : Slow 1100mV 0C Model Setup 'clk'
Slack : 1.428
TNS   : 0.000

Type  : Slow 1100mV 0C Model Hold 'clk'
Slack : 0.309
TNS   : 0.000

Type  : Slow 1100mV 0C Model Minimum Pulse Width 'clk'
Slack : 4.217
TNS   : 0.000

Type  : Fast 1100mV 85C Model Setup 'clk'
Slack : 4.341
TNS   : 0.000

Type  : Fast 1100mV 85C Model Hold 'clk'
Slack : 0.181
TNS   : 0.000

Type  : Fast 1100mV 85C Model Minimum Pulse Width 'clk'
Slack : 4.388
TNS   : 0.000

Type  : Fast 1100mV 0C Model Setup 'clk'
Slack : 4.553
TNS   : 0.000

Type  : Fast 1100mV 0C Model Hold 'clk'
Slack : 0.168
TNS   : 0.000

Type  : Fast 1100mV 0C Model Minimum Pulse Width 'clk'
Slack : 4.381
TNS   : 0.000

------------------------------------------------------------
